[probe] scenarios: p3-4-removal (p3-4-removal)
[probe] Building extension + webview bundles via node esbuild.js
[watch] build started
[watch] build started
[watch] build started
[watch] build started
[watch] build started
[watch] build finished
[watch] build finished
[watch] build finished
[watch] build finished
[watch] build finished
[probe] Build complete
[probe] evidence handoff enabled: /Users/jorkeyliu/workspace/repos/kilocode/specs/vscode-orchestrator/evidence/p0-baseline/p3-4-final-2026-08-17T00-52-00-000Z (staging /Users/jorkeyliu/workspace/repos/kilocode/specs/vscode-orchestrator/evidence/p0-baseline/.p3-4-final-2026-08-17T00-52-00-000Z.staging-0afb1fbd)
[probe] fixture id: e2e-probe-2e5450d0
[probe] cdp port:   64043
[probe] scratch:    /var/folders/9v/733tfwtj2jvgwygmtrbwj9gm0000gn/T/kilo-e2e-PlMNr2
[probe] runner bundled: /var/folders/9v/733tfwtj2jvgwygmtrbwj9gm0000gn/T/kilo-e2e-PlMNr2/runner.cjs
[probe] VS Code executable: /Users/jorkeyliu/workspace/repos/kilocode/packages/kilo-vscode/.vscode-test/vscode-darwin-arm64-1.133.0/Visual Studio Code.app/Contents/MacOS/Code

DevTools listening on ws://127.0.0.1:64043/devtools/browser/2d2b7fa9-0b29-4c63-a70c-53bf96955f2b
Warning: 'remote-debugging-port' is not in the list of known options, but still passed to Electron/Chromium.
Warning: 'remote-allow-origins' is not in the list of known options, but still passed to Electron/Chromium.
[probe] CDP endpoint reachable, connecting Playwright
[90m[main 2026-08-17T00:52:51.525Z][0m StorageMainService: creating application shared storage
[90m[main 2026-08-17T00:52:51.736Z][0m [shared storage] Creating shared storage database at ':memory:' (wasCreated: true)
[90m[main 2026-08-17T00:52:51.739Z][0m [shared storage] Initializing fallback application storage (path: in-memory)
[90m[main 2026-08-17T00:52:51.982Z][0m [shared storage] Fallback application storage initialized with 3 items
[90m[main 2026-08-17T00:52:51.983Z][0m update#setState disabled
[90m[main 2026-08-17T00:52:51.984Z][0m update#ctor - updates are disabled by the environment
[AgentHost:renderer] Acquiring MessagePort to agent host...
2026-08-17 08:52:55.181 Code[98058:24975887] error messaging the mach port for IMKCFRunLoopWakeUpReliable
Started initializing default profile extensions in extensions installation folder. file:///var/folders/9v/733tfwtj2jvgwygmtrbwj9gm0000gn/T/kilo-e2e-PlMNr2/extensions
[AccountPolicyGate] apply: state=inactive, reason=undefined, isRestricted=false
Completed initializing default profile extensions in extensions installation folder. file:///var/folders/9v/733tfwtj2jvgwygmtrbwj9gm0000gn/T/kilo-e2e-PlMNr2/extensions
Loading development extension at /Users/jorkeyliu/workspace/repos/kilocode/packages/kilo-vscode
[vscode.mermaid-markdown-features]: Extension 'vscode.mermaid-markdown-features' CANNOT use 'legacyToolReferenceFullNames' without the 'chatParticipantPrivate' API proposal enabled
[90m[main 2026-08-17T00:52:56.193Z][0m AgentHostProcessManager: agent host started
Settings Sync: Account status changed from uninitialized to unavailable
[AgentHost:renderer] MessagePort acquired, creating client...
Started local extension host with pid 98616.
[AgentHost:renderer] Protocol connection established; clientId=20cf0404-b45a-4dfb-a22c-34846e915dd8
[AgentHost] No token resolved for resource: https://api.github.com
[AgentHost] No token resolved for resource: https://api.github.com/repos
[AgentHost] No token resolved for resource: https://api.github.com
[91m[main 2026-08-17T00:52:57.991Z][0m [AgentHost:stderr] (node:98612) [DEP0169] DeprecationWarning: `url.parse()` behavior is not standardized and prone to errors that have security implications. Use the WHATWG URL API instead. CVEs are not issued for `url.parse()` vulnerabilities.
(Use `Code Helper --trace-deprecation ...` to show where the warning was created)

[AgentHost] No token resolved for resource: https://api.github.com
[AgentHost] No token resolved for resource: https://api.github.com
[AgentHost] No token resolved for resource: https://api.github.com
[AgentHost] No token resolved for resource: https://api.github.com
[AgentHost] No token resolved for resource: https://api.github.com
[AgentHost] No token resolved for resource: https://api.github.com/repos
[AgentHost] No token resolved for resource: https://api.github.com
[AgentHost] No token resolved for resource: https://api.github.com
[AgentHost] No token resolved for resource: https://api.github.com
[AgentHost] No token resolved for resource: https://api.github.com
[AgentHost] No token resolved for resource: https://api.github.com
[AgentHost] No token resolved for resource: https://api.github.com
[AgentHost] No token resolved for resource: https://api.github.com
[AgentHost] No token resolved for resource: https://api.github.com
[AgentHost] No token resolved for resource: https://api.github.com
[AgentHost] No token resolved for resource: https://api.github.com
[AgentHost] No token resolved for resource: https://api.github.com/repos
[AgentHost] No token resolved for resource: https://api.github.com/repos
[AgentHost] No token resolved for resource: https://api.github.com/repos
[AgentHost] No token resolved for resource: https://api.github.com/repos
[AgentHost] No token resolved for resource: https://api.github.com/repos
[AgentHost] No token resolved for resource: https://api.github.com
[AgentHost] No token resolved for resource: https://api.github.com/repos
[AgentHost] No token resolved for resource: https://api.github.com/repos
[AgentHost] No token resolved for resource: https://api.github.com/repos
[AgentHost] No token resolved for resource: https://api.github.com/repos
[AgentHost] No token resolved for resource: https://api.github.com/repos
[AgentHost] No token resolved for resource: https://api.github.com/repos
[AgentHost] No token resolved for resource: https://api.github.com/repos
[AgentHost] No token resolved for resource: https://api.github.com/repos
[AgentHost] No token resolved for resource: https://api.github.com/repos
[AgentHost] No token resolved for resource: https://api.github.com/repos
[AgentHost] No token resolved for resource: https://api.github.com
[AgentHost] No token resolved for resource: https://api.github.com
[AgentHost] No token resolved for resource: https://api.github.com
Kilo Code extension is now active
[telemetry] Agent Manager Opened { source: 'agent-manager' }
[Kilo New] KiloProvider: 🔧 Starting initializeConnection...
[Kilo New] ServerManager: 🔍 getServer called
[Kilo New] ServerManager: 🚀 Starting new server instance...
[Kilo New] ServerManager: 📦 Using CLI path: /Users/jorkeyliu/workspace/repos/kilocode/packages/kilo-vscode/bin/kilo
[Kilo New] ServerManager: 📍 CLI path: /Users/jorkeyliu/workspace/repos/kilocode/packages/kilo-vscode/bin/kilo
[Kilo New] ServerManager: 🔐 Generated password (length): 64
[Kilo New] ServerManager: 📄 CLI isFile: true
[Kilo New] ServerManager: 📄 CLI mode (octal): 755
[Kilo New] ServerManager: 🎬 Spawning CLI process: /Users/jorkeyliu/workspace/repos/kilocode/packages/kilo-vscode/bin/kilo [ 'serve', '--port', '0' ]
[Kilo New] ServerManager: 📦 Process spawned with PID: 98872
[AgentHost] No token resolved for resource: https://api.github.com
[AgentHost] No token resolved for resource: https://api.github.com/repos
[AgentHost] No token resolved for resource: https://api.github.com
[AgentHost] No token resolved for resource: https://api.github.com
[AgentHost] No token resolved for resource: https://api.github.com
[AgentHost] No token resolved for resource: https://api.github.com
[AgentHost] No token resolved for resource: https://api.github.com
[AgentHost] No token resolved for resource: https://api.github.com
[AgentHost] No token resolved for resource: https://api.github.com
[AgentHost] No token resolved for resource: https://api.github.com
[AgentHost] No token resolved for resource: https://api.github.com
[AgentHost] No token resolved for resource: https://api.github.com
[AgentHost] No token resolved for resource: https://api.github.com/repos
[AgentHost] No token resolved for resource: https://api.github.com/repos
[AgentHost] No token resolved for resource: https://api.github.com/repos
[AgentHost] No token resolved for resource: https://api.github.com/repos
[AgentHost] No token resolved for resource: https://api.github.com/repos
[AgentHost] No token resolved for resource: https://api.github.com/repos
[AgentHost] No token resolved for resource: https://api.github.com/repos
[AgentHost] No token resolved for resource: https://api.github.com/repos
[AgentHost] No token resolved for resource: https://api.github.com/repos
[AgentHost] No token resolved for resource: https://api.github.com/repos
[AgentHost] No token resolved for resource: https://api.github.com/repos
[AgentHost] No token resolved for resource: https://api.github.com/repos
[AgentHost] No token resolved for resource: https://api.github.com/repos
[AgentHost] No token resolved for resource: https://api.github.com/repos
(node:98616) [DEP0169] DeprecationWarning: `url.parse()` behavior is not standardized and prone to errors that have security implications. Use the WHATWG URL API instead. CVEs are not issued for `url.parse()` vulnerabilities.
(Use `Code Helper (Plugin) --trace-deprecation ...` to show where the warning was created)
Unknown channel: agentHostClientProxy
Unknown channel: agentHostClientProxy
[AccountPolicyGate] apply: state=inactive, reason=undefined, isRestricted=false
Unknown channel: agentHostClientProxy
[Kilo New] KiloProvider: ✅ webviewReady received
[Kilo New] KiloProvider: 🔄 syncWebviewState() {
  reason: 'webviewReady',
  isWebviewReady: true,
  connectionState: 'connecting',
  hasClient: false,
  hasServerInfo: false
}
[Kilo New] KiloProvider: 🔧 Starting initializeConnection...
[Kilo New] KiloProvider: ✅ webviewReady received
[Kilo New] KiloProvider: 🔄 syncWebviewState() {
  reason: 'webviewReady',
  isWebviewReady: true,
  connectionState: 'connecting',
  hasClient: false,
  hasServerInfo: false
}
[probe] runner ready, plan: source=e2e-probe-2e5450d0-A sibling=e2e-probe-2e5450d0-B child=e2e-probe-2e5450d0-C variant=e2e-probe-2e5450d0-D tabA=e2e-probe-2e5450d0-TA tabB=e2e-probe-2e5450d0-TB tabC=e2e-probe-2e5450d0-TC topicRoot=e2e-probe-2e5450d0-T1 topicChild=e2e-probe-2e5450d0-T1C topicSibling=e2e-probe-2e5450d0-T2 realAgent=e2e-agent realAgentB=e2e-agent-b realModel=e2e-local/e2e-model
[probe] p3-4-removal assertions ran in the Extension Host runner
[90m[main 2026-08-17T00:53:03.788Z][0m Extension host with pid 98616 exited with code: 0, signal: unknown.
Exit code:   0
[probe] VS Code exited (code 0)
[probe] evidence handoff: status=complete files=6 missing=0 malformed=0 validated=true
[probe] cleanup: no owned VS Code process remains
[probe] cleanup: CDP port 64043 released
[probe] cleanup: scratch dir removed: true
[probe] total elapsed: 31s
