[probe] scenarios: cloud-claw-removal (cloud-claw-removal)
[probe] Building extension + webview bundles via node esbuild.js
[watch] build started
[watch] build started
[watch] build started
[watch] build started
[watch] build started
[watch] build finished
[watch] build finished
[watch] build finished
[watch] build finished
[watch] build finished
[probe] Build complete
[probe] evidence handoff enabled: /Users/jorkeyliu/workspace/repos/kilocode/specs/vscode-orchestrator/evidence/p0-baseline/p3-3-final-2026-08-16T11-10-35-000Z (staging /Users/jorkeyliu/workspace/repos/kilocode/specs/vscode-orchestrator/evidence/p0-baseline/.p3-3-final-2026-08-16T11-10-35-000Z.staging-fca71ea7)
[probe] fixture id: e2e-probe-153b7ca6
[probe] cdp port:   56315
[probe] scratch:    /var/folders/9v/733tfwtj2jvgwygmtrbwj9gm0000gn/T/kilo-e2e-pfwtDs
[probe] runner bundled: /var/folders/9v/733tfwtj2jvgwygmtrbwj9gm0000gn/T/kilo-e2e-pfwtDs/runner.cjs
[probe] VS Code executable: /Users/jorkeyliu/workspace/repos/kilocode/packages/kilo-vscode/.vscode-test/vscode-darwin-arm64-1.133.0/Visual Studio Code.app/Contents/MacOS/Code

DevTools listening on ws://127.0.0.1:56315/devtools/browser/ef0eba9b-8d19-45bb-8296-d07744704764
[probe] CDP endpoint reachable, connecting Playwright
Warning: 'remote-debugging-port' is not in the list of known options, but still passed to Electron/Chromium.
Warning: 'remote-allow-origins' is not in the list of known options, but still passed to Electron/Chromium.
[90m[main 2026-08-16T11:10:55.265Z][0m StorageMainService: creating application shared storage
[90m[main 2026-08-16T11:10:55.471Z][0m [shared storage] Creating shared storage database at ':memory:' (wasCreated: true)
[90m[main 2026-08-16T11:10:55.473Z][0m [shared storage] Initializing fallback application storage (path: in-memory)
[90m[main 2026-08-16T11:10:55.711Z][0m [shared storage] Fallback application storage initialized with 3 items
[90m[main 2026-08-16T11:10:55.712Z][0m update#setState disabled
[90m[main 2026-08-16T11:10:55.712Z][0m update#ctor - updates are disabled by the environment
[AgentHost:renderer] Acquiring MessagePort to agent host...
[90m[main 2026-08-16T11:10:58.002Z][0m AgentHostProcessManager: agent host started
[AgentHost:renderer] MessagePort acquired, creating client...
2026-08-16 19:10:58.482 Code[27689:22912131] error messaging the mach port for IMKCFRunLoopWakeUpReliable
Started local extension host with pid 28249.
Started initializing default profile extensions in extensions installation folder. file:///var/folders/9v/733tfwtj2jvgwygmtrbwj9gm0000gn/T/kilo-e2e-pfwtDs/extensions
[AccountPolicyGate] apply: state=inactive, reason=undefined, isRestricted=false
Completed initializing default profile extensions in extensions installation folder. file:///var/folders/9v/733tfwtj2jvgwygmtrbwj9gm0000gn/T/kilo-e2e-pfwtDs/extensions
Loading development extension at /Users/jorkeyliu/workspace/repos/kilocode/packages/kilo-vscode
[vscode.mermaid-markdown-features]: Extension 'vscode.mermaid-markdown-features' CANNOT use 'legacyToolReferenceFullNames' without the 'chatParticipantPrivate' API proposal enabled
Settings Sync: Account status changed from uninitialized to unavailable
[AgentHost:renderer] Protocol connection established; clientId=aa403f17-8115-42b8-a8b4-9bef87f46243
[91m[main 2026-08-16T11:10:59.582Z][0m [AgentHost:stderr] (node:28198) [DEP0169] DeprecationWarning: `url.parse()` behavior is not standardized and prone to errors that have security implications. Use the WHATWG URL API instead. CVEs are not issued for `url.parse()` vulnerabilities.
(Use `Code Helper --trace-deprecation ...` to show where the warning was created)

[AgentHost] No token resolved for resource: https://api.github.com
[AgentHost] No token resolved for resource: https://api.github.com
[AgentHost] No token resolved for resource: https://api.github.com
[AgentHost] No token resolved for resource: https://api.github.com
[AgentHost] No token resolved for resource: https://api.github.com
[AgentHost] No token resolved for resource: https://api.github.com
[AgentHost] No token resolved for resource: https://api.github.com
[AgentHost] No token resolved for resource: https://api.github.com
[AgentHost] No token resolved for resource: https://api.github.com
[AgentHost] No token resolved for resource: https://api.github.com
[AgentHost] No token resolved for resource: https://api.github.com
[AgentHost] No token resolved for resource: https://api.github.com
[AgentHost] No token resolved for resource: https://api.github.com
[AgentHost] No token resolved for resource: https://api.github.com
[AgentHost] No token resolved for resource: https://api.github.com
[AgentHost] No token resolved for resource: https://api.github.com
[AgentHost] No token resolved for resource: https://api.github.com/repos
[AgentHost] No token resolved for resource: https://api.github.com/repos
[AgentHost] No token resolved for resource: https://api.github.com/repos
[AgentHost] No token resolved for resource: https://api.github.com/repos
[AgentHost] No token resolved for resource: https://api.github.com/repos
[AgentHost] No token resolved for resource: https://api.github.com/repos
[AgentHost] No token resolved for resource: https://api.github.com/repos
[AgentHost] No token resolved for resource: https://api.github.com/repos
[AgentHost] No token resolved for resource: https://api.github.com/repos
[AgentHost] No token resolved for resource: https://api.github.com/repos
[AgentHost] No token resolved for resource: https://api.github.com/repos
[AgentHost] No token resolved for resource: https://api.github.com/repos
[AgentHost] No token resolved for resource: https://api.github.com/repos
[AgentHost] No token resolved for resource: https://api.github.com/repos
[AgentHost] No token resolved for resource: https://api.github.com/repos
[AgentHost] No token resolved for resource: https://api.github.com/repos
[AgentHost] No token resolved for resource: https://api.github.com
[AgentHost] No token resolved for resource: https://api.github.com
[AgentHost] No token resolved for resource: https://api.github.com
[AgentHost] No token resolved for resource: https://api.github.com
[AgentHost] No token resolved for resource: https://api.github.com
[AgentHost] No token resolved for resource: https://api.github.com
[AgentHost] No token resolved for resource: https://api.github.com
[AgentHost] No token resolved for resource: https://api.github.com
[AgentHost] No token resolved for resource: https://api.github.com
[AgentHost] No token resolved for resource: https://api.github.com
[AgentHost] No token resolved for resource: https://api.github.com
[AgentHost] No token resolved for resource: https://api.github.com
[AgentHost] No token resolved for resource: https://api.github.com
[AgentHost] No token resolved for resource: https://api.github.com
[AgentHost] No token resolved for resource: https://api.github.com
[AgentHost] No token resolved for resource: https://api.github.com
[AgentHost] No token resolved for resource: https://api.github.com/repos
[AgentHost] No token resolved for resource: https://api.github.com/repos
[AgentHost] No token resolved for resource: https://api.github.com/repos
[AgentHost] No token resolved for resource: https://api.github.com/repos
[AgentHost] No token resolved for resource: https://api.github.com/repos
[AgentHost] No token resolved for resource: https://api.github.com/repos
[AgentHost] No token resolved for resource: https://api.github.com/repos
[AgentHost] No token resolved for resource: https://api.github.com/repos
[AgentHost] No token resolved for resource: https://api.github.com/repos
[AgentHost] No token resolved for resource: https://api.github.com/repos
[AgentHost] No token resolved for resource: https://api.github.com/repos
[AgentHost] No token resolved for resource: https://api.github.com/repos
[AgentHost] No token resolved for resource: https://api.github.com/repos
[AgentHost] No token resolved for resource: https://api.github.com/repos
[AgentHost] No token resolved for resource: https://api.github.com/repos
[AgentHost] No token resolved for resource: https://api.github.com/repos
Unknown channel: agentHostClientProxy
Kilo Code extension is now active
[Kilo New] ServerManager: 🔍 getServer called
[Kilo New] ServerManager: 🚀 Starting new server instance...
[Kilo New] ServerManager: 📦 Using CLI path: /Users/jorkeyliu/workspace/repos/kilocode/packages/kilo-vscode/bin/kilo
[Kilo New] ServerManager: 📍 CLI path: /Users/jorkeyliu/workspace/repos/kilocode/packages/kilo-vscode/bin/kilo
[Kilo New] ServerManager: 🔐 Generated password (length): 64
[Kilo New] ServerManager: 📄 CLI isFile: true
[Kilo New] ServerManager: 📄 CLI mode (octal): 755
[Kilo New] ServerManager: 🎬 Spawning CLI process: /Users/jorkeyliu/workspace/repos/kilocode/packages/kilo-vscode/bin/kilo [ 'serve', '--port', '0' ]
[Kilo New] ServerManager: 📦 Process spawned with PID: 28445
[telemetry] Agent Manager Opened { source: 'agent-manager' }
Unknown channel: agentHostClientProxy
[Kilo New] KiloProvider: 🔧 Starting initializeConnection...
(node:28249) [DEP0169] DeprecationWarning: `url.parse()` behavior is not standardized and prone to errors that have security implications. Use the WHATWG URL API instead. CVEs are not issued for `url.parse()` vulnerabilities.
(Use `Code Helper (Plugin) --trace-deprecation ...` to show where the warning was created)
Unknown channel: agentHostClientProxy
[Kilo New] KiloProvider: ✅ webviewReady received
[Kilo New] KiloProvider: 🔄 syncWebviewState() {
  reason: 'webviewReady',
  isWebviewReady: true,
  connectionState: 'connecting',
  hasClient: false,
  hasServerInfo: false
}
[Kilo New] KiloProvider: 🔧 Starting initializeConnection...
[AccountPolicyGate] apply: state=inactive, reason=undefined, isRestricted=false
[Kilo New] KiloProvider: ✅ webviewReady received
[Kilo New] KiloProvider: 🔄 syncWebviewState() {
  reason: 'webviewReady',
  isWebviewReady: true,
  connectionState: 'connecting',
  hasClient: false,
  hasServerInfo: false
}
[probe] runner ready, plan: source=e2e-probe-153b7ca6-A sibling=e2e-probe-153b7ca6-B child=e2e-probe-153b7ca6-C variant=e2e-probe-153b7ca6-D tabA=e2e-probe-153b7ca6-TA tabB=e2e-probe-153b7ca6-TB tabC=e2e-probe-153b7ca6-TC topicRoot=e2e-probe-153b7ca6-T1 topicChild=e2e-probe-153b7ca6-T1C topicSibling=e2e-probe-153b7ca6-T2 realAgent=e2e-agent realAgentB=e2e-agent-b realModel=e2e-local/e2e-model
[probe] cloud-claw-removal assertions ran in the Extension Host runner
[90m[main 2026-08-16T11:11:05.932Z][0m Extension host with pid 28249 exited with code: 0, signal: unknown.
Exit code:   0
[probe] VS Code exited (code 0)
[probe] evidence handoff: status=complete files=6 missing=0 malformed=0 validated=true
[probe] cleanup: no owned VS Code process remains
[probe] cleanup: CDP port 56315 released
[probe] cleanup: scratch dir removed: true
[probe] total elapsed: 25s
